// Jest Snapshot v1, https://goo.gl/fbAQLP

exports[`Footer test 1`] = `
<footer>
  <p
    className="footer__title"
  >
    Test!
  </p>
</footer>
`;
