// Jest Snapshot v1, https://goo.gl/fbAQLP

exports[`Icon test 1`] = `
<div
  className="Icon"
>
  <img
    alt="icon"
    className={null}
    src="/img/logo.png"
  />
</div>
`;
