// Jest Snapshot v1, https://goo.gl/fbAQLP

exports[`RoadCareer test 1`] = `
<p
  className="roadCareer__content"
>
  Hello test done!
</p>
`;
